
> build
> vite build

vite v8.3.0 building client environment for production...
transforming...
✓ 171 modules transformed.
rendering chunks...
computing gzip size...
dist/index.html                                            2.32 kB │ gzip:   0.99 kB
dist/assets/manrope-cyrillic-wght-normal-Dvxsihut.woff2   14.50 kB
dist/assets/manrope-latin-wght-normal-DHIcAJRg.woff2      24.83 kB
dist/assets/CalendarView-jZW7tl2l.css                      2.22 kB │ gzip:   0.76 kB
dist/assets/index-D_jCb5Bh.css                           144.18 kB │ gzip:  27.23 kB
dist/assets/ids-MsHK8H4t.js                                0.05 kB │ gzip:   0.07 kB
dist/assets/cssVars-CvX1x3sk.js                            0.11 kB │ gzip:   0.12 kB
dist/assets/types-DDPmts3O.js                              0.12 kB │ gzip:   0.11 kB
dist/assets/dataColors-LUJKCIj8.js                         0.19 kB │ gzip:   0.17 kB
dist/assets/workflowStatus-DgtDZzZh.js                     0.55 kB │ gzip:   0.32 kB
dist/assets/roadmapLayout-DF4wfE79.js                      1.11 kB │ gzip:   0.61 kB
dist/assets/timeScale-CG0x9olP.js                          1.27 kB │ gzip:   0.61 kB
dist/assets/TimeCanvas-Bd59ZrRi.js                         1.90 kB │ gzip:   0.81 kB
dist/assets/BulkBar-3S9gCZh_.js                            2.15 kB │ gzip:   1.01 kB
dist/assets/CollaboratingView-hG9mNuS_.js                  2.36 kB │ gzip:   1.03 kB
dist/assets/MyIssuesView-Ihq3exQB.js                       2.49 kB │ gzip:   1.19 kB
dist/assets/ProjectLookPicker-CAFi3AdG.js                  2.67 kB │ gzip:   0.92 kB
dist/assets/parts-ri_WyTCu.js                              3.55 kB │ gzip:   1.64 kB
dist/assets/MyIssues-CezsSVa6.js                           3.67 kB │ gzip:   1.72 kB
dist/assets/activityText-CmJuLUF9.js                       3.75 kB │ gzip:   1.41 kB
dist/assets/IssueSearchBox-DRqU1urV.js                     4.05 kB │ gzip:   1.76 kB
dist/assets/Overlay-yncw0Qms.js                            4.34 kB │ gzip:   1.88 kB
dist/assets/issuePages-CXk-h2eT.js                         6.11 kB │ gzip:   2.20 kB
dist/assets/InboxView-CTGxwMSK.js                          7.10 kB │ gzip:   2.88 kB
dist/assets/SprintsView-DRlE7km1.js                        7.91 kB │ gzip:   2.81 kB
dist/assets/AdminView-w1HZHuV8.js                          8.24 kB │ gzip:   2.70 kB
dist/assets/TimelineView-43HTDEWV.js                       8.29 kB │ gzip:   3.16 kB
dist/assets/PermissionsView-BIRjfWyL.js                    8.65 kB │ gzip:   2.58 kB
dist/assets/DashboardTabs-BcpN3KpU.js                      9.11 kB │ gzip:   3.01 kB
dist/assets/SoloView-De65TIfS.js                           9.27 kB │ gzip:   3.24 kB
dist/assets/CalendarView-yGRS-pBu.js                      10.28 kB │ gzip:   3.88 kB
dist/assets/jsx-runtime-CSiekY5k.js                       10.46 kB │ gzip:   4.14 kB
dist/assets/ImportModal-453akBFa.js                       10.49 kB │ gzip:   4.12 kB
dist/assets/ProjectWizard-C0gbOEg0.js                     10.61 kB │ gzip:   3.75 kB
dist/assets/ReportsView-BjY6Vogm.js                       11.26 kB │ gzip:   3.93 kB
dist/assets/HomeView-CPP2VUMy.js                          11.26 kB │ gzip:   3.71 kB
dist/assets/RoadmapView-DjTJxuIP.js                       11.28 kB │ gzip:   4.26 kB
dist/assets/CommandPalette-D9MMGu9-.js                    11.50 kB │ gzip:   4.44 kB
dist/assets/CreateIssueModal-DhbAbV-s.js                  12.78 kB │ gzip:   3.99 kB
dist/assets/ui-D7hzU3n5.js                                13.64 kB │ gzip:   5.59 kB
dist/assets/icons-DFMGJvcE.js                             15.90 kB │ gzip:   4.72 kB
dist/assets/floating-DFQlJdN0.js                          16.95 kB │ gzip:   6.82 kB
dist/assets/WorkflowView-BfgsKhb2.js                      24.05 kB │ gzip:   6.83 kB
dist/assets/Backlog-C62oD720.js                           30.07 kB │ gzip:   8.96 kB
dist/assets/IssueModal-G_6dg7rL.js                        38.36 kB │ gzip:  10.02 kB
dist/assets/DashboardView-CjcMdQSG.js                     39.85 kB │ gzip:  12.37 kB
dist/assets/DocsView-B68Nm8Xo.js                          42.60 kB │ gzip:  14.16 kB
dist/assets/SettingsView-Dsy867UI.js                      52.54 kB │ gzip:  14.03 kB
dist/assets/en-BMkt26Ki.js                                70.73 kB │ gzip:  21.43 kB
dist/assets/Button-CGKeUeKw.js                           186.34 kB │ gzip:  52.57 kB
dist/assets/index-CqU0IMSG.js                            329.17 kB │ gzip: 101.73 kB

✓ built in 2.71s
